2025-08-10T08:46:27+00:00 INFO GET /brands 200
Array
(
    [bluehost] => Array
        (
            [name] => Bluehost
        )

    [hostgator] => Array
        (
            [name] => Hostgator
        )

)

2025-08-10T08:46:28+00:00 INFO GET /live/bluehost/public-key 200
pk_live_51L0sm9BlY5Q27Hyk6yigAeQGlAGY6FYBCEtjYh8wTjSDxgPfIMghDSJSslNyZXCun31M5VK9MYYDw6Z2292g1M1a006wAWxCpA
2025-08-10T08:46:28+00:00 INFO GET /live/bluehost/public-key 200
pk_live_51L0sm9BlY5Q27Hyk6yigAeQGlAGY6FYBCEtjYh8wTjSDxgPfIMghDSJSslNyZXCun31M5VK9MYYDw6Z2292g1M1a006wAWxCpA
2025-08-10T20:56:41+00:00 INFO GET /brands 200
Array
(
    [bluehost] => Array
        (
            [name] => Bluehost
        )

    [hostgator] => Array
        (
            [name] => Hostgator
        )

)

2025-08-10T20:56:42+00:00 INFO GET /live/bluehost/public-key 200
pk_live_51L0sm9BlY5Q27Hyk6yigAeQGlAGY6FYBCEtjYh8wTjSDxgPfIMghDSJSslNyZXCun31M5VK9MYYDw6Z2292g1M1a006wAWxCpA
2025-08-10T21:39:30+00:00 INFO GET /brands 200
Array
(
    [bluehost] => Array
        (
            [name] => Bluehost
        )

    [hostgator] => Array
        (
            [name] => Hostgator
        )

)

2025-08-10T21:39:30+00:00 INFO GET /brands 200
Array
(
    [bluehost] => Array
        (
            [name] => Bluehost
        )

    [hostgator] => Array
        (
            [name] => Hostgator
        )

)

2025-08-10T21:39:38+00:00 INFO GET /live/bluehost/public-key 200
pk_live_51L0sm9BlY5Q27Hyk6yigAeQGlAGY6FYBCEtjYh8wTjSDxgPfIMghDSJSslNyZXCun31M5VK9MYYDw6Z2292g1M1a006wAWxCpA
