2025-09-01T10:00:11+00:00 INFO GET /brands 200
Array
(
    [bluehost] => Array
        (
            [name] => Bluehost
        )

    [hostgator] => Array
        (
            [name] => Hostgator
        )

)

2025-09-01T12:40:06+00:00 INFO GET /live/bluehost/public-key 200
pk_live_51L0sm9BlY5Q27Hyk6yigAeQGlAGY6FYBCEtjYh8wTjSDxgPfIMghDSJSslNyZXCun31M5VK9MYYDw6Z2292g1M1a006wAWxCpA
2025-09-01T12:40:06+00:00 INFO GET /live/bluehost/public-key 200
pk_live_51L0sm9BlY5Q27Hyk6yigAeQGlAGY6FYBCEtjYh8wTjSDxgPfIMghDSJSslNyZXCun31M5VK9MYYDw6Z2292g1M1a006wAWxCpA
2025-09-01T14:44:14+00:00 INFO GET /brands 200
Array
(
    [bluehost] => Array
        (
            [name] => Bluehost
        )

    [hostgator] => Array
        (
            [name] => Hostgator
        )

)

2025-09-01T14:46:08+00:00 INFO GET /live/bluehost/public-key 200
pk_live_51L0sm9BlY5Q27Hyk6yigAeQGlAGY6FYBCEtjYh8wTjSDxgPfIMghDSJSslNyZXCun31M5VK9MYYDw6Z2292g1M1a006wAWxCpA
2025-09-01T15:09:01+00:00 INFO GET /brands 200
Array
(
    [bluehost] => Array
        (
            [name] => Bluehost
        )

    [hostgator] => Array
        (
            [name] => Hostgator
        )

)

2025-09-01T15:09:01+00:00 INFO GET /brands 200
Array
(
    [bluehost] => Array
        (
            [name] => Bluehost
        )

    [hostgator] => Array
        (
            [name] => Hostgator
        )

)

2025-09-01T15:09:09+00:00 INFO GET /live/bluehost/public-key 200
pk_live_51L0sm9BlY5Q27Hyk6yigAeQGlAGY6FYBCEtjYh8wTjSDxgPfIMghDSJSslNyZXCun31M5VK9MYYDw6Z2292g1M1a006wAWxCpA
2025-09-01T15:09:09+00:00 INFO GET /live/bluehost/public-key 200
pk_live_51L0sm9BlY5Q27Hyk6yigAeQGlAGY6FYBCEtjYh8wTjSDxgPfIMghDSJSslNyZXCun31M5VK9MYYDw6Z2292g1M1a006wAWxCpA
2025-09-01T15:13:56+00:00 INFO GET /brands 200
Array
(
    [bluehost] => Array
        (
            [name] => Bluehost
        )

    [hostgator] => Array
        (
            [name] => Hostgator
        )

)

2025-09-01T15:14:03+00:00 INFO GET /live/bluehost/public-key 200
pk_live_51L0sm9BlY5Q27Hyk6yigAeQGlAGY6FYBCEtjYh8wTjSDxgPfIMghDSJSslNyZXCun31M5VK9MYYDw6Z2292g1M1a006wAWxCpA
2025-09-01T15:14:03+00:00 INFO GET /live/bluehost/public-key 200
pk_live_51L0sm9BlY5Q27Hyk6yigAeQGlAGY6FYBCEtjYh8wTjSDxgPfIMghDSJSslNyZXCun31M5VK9MYYDw6Z2292g1M1a006wAWxCpA
