2025-08-06T06:54:39+00:00 INFO GET /brands 200
Array
(
    [bluehost] => Array
        (
            [name] => Bluehost
        )

    [hostgator] => Array
        (
            [name] => Hostgator
        )

)

2025-08-06T06:54:48+00:00 INFO GET /live/bluehost/public-key 200
pk_live_51L0sm9BlY5Q27Hyk6yigAeQGlAGY6FYBCEtjYh8wTjSDxgPfIMghDSJSslNyZXCun31M5VK9MYYDw6Z2292g1M1a006wAWxCpA
2025-08-06T10:10:54+00:00 INFO GET /brands 200
Array
(
    [bluehost] => Array
        (
            [name] => Bluehost
        )

    [hostgator] => Array
        (
            [name] => Hostgator
        )

)

2025-08-06T10:10:55+00:00 INFO GET /live/bluehost/public-key 200
pk_live_51L0sm9BlY5Q27Hyk6yigAeQGlAGY6FYBCEtjYh8wTjSDxgPfIMghDSJSslNyZXCun31M5VK9MYYDw6Z2292g1M1a006wAWxCpA
2025-08-06T10:26:24+00:00 INFO GET /brands 200
Array
(
    [bluehost] => Array
        (
            [name] => Bluehost
        )

    [hostgator] => Array
        (
            [name] => Hostgator
        )

)

2025-08-06T10:26:28+00:00 INFO GET /live/bluehost/public-key 200
pk_live_51L0sm9BlY5Q27Hyk6yigAeQGlAGY6FYBCEtjYh8wTjSDxgPfIMghDSJSslNyZXCun31M5VK9MYYDw6Z2292g1M1a006wAWxCpA
2025-08-06T10:35:40+00:00 INFO GET /brands 200
Array
(
    [bluehost] => Array
        (
            [name] => Bluehost
        )

    [hostgator] => Array
        (
            [name] => Hostgator
        )

)

2025-08-06T10:35:47+00:00 INFO GET /live/bluehost/public-key 200
pk_live_51L0sm9BlY5Q27Hyk6yigAeQGlAGY6FYBCEtjYh8wTjSDxgPfIMghDSJSslNyZXCun31M5VK9MYYDw6Z2292g1M1a006wAWxCpA
2025-08-06T10:36:21+00:00 INFO GET /brands 200
Array
(
    [bluehost] => Array
        (
            [name] => Bluehost
        )

    [hostgator] => Array
        (
            [name] => Hostgator
        )

)

2025-08-06T10:36:26+00:00 INFO GET /live/bluehost/public-key 200
pk_live_51L0sm9BlY5Q27Hyk6yigAeQGlAGY6FYBCEtjYh8wTjSDxgPfIMghDSJSslNyZXCun31M5VK9MYYDw6Z2292g1M1a006wAWxCpA
2025-08-06T10:36:26+00:00 INFO GET /live/bluehost/public-key 200
pk_live_51L0sm9BlY5Q27Hyk6yigAeQGlAGY6FYBCEtjYh8wTjSDxgPfIMghDSJSslNyZXCun31M5VK9MYYDw6Z2292g1M1a006wAWxCpA
2025-08-06T10:39:44+00:00 INFO GET /brands 200
Array
(
    [bluehost] => Array
        (
            [name] => Bluehost
        )

    [hostgator] => Array
        (
            [name] => Hostgator
        )

)

2025-08-06T10:39:46+00:00 INFO GET /brands 200
Array
(
    [bluehost] => Array
        (
            [name] => Bluehost
        )

    [hostgator] => Array
        (
            [name] => Hostgator
        )

)

2025-08-06T10:39:51+00:00 INFO GET /live/bluehost/public-key 200
pk_live_51L0sm9BlY5Q27Hyk6yigAeQGlAGY6FYBCEtjYh8wTjSDxgPfIMghDSJSslNyZXCun31M5VK9MYYDw6Z2292g1M1a006wAWxCpA
2025-08-06T10:39:51+00:00 INFO GET /live/bluehost/public-key 200
pk_live_51L0sm9BlY5Q27Hyk6yigAeQGlAGY6FYBCEtjYh8wTjSDxgPfIMghDSJSslNyZXCun31M5VK9MYYDw6Z2292g1M1a006wAWxCpA
2025-08-06T11:58:57+00:00 INFO GET /brands 200
Array
(
    [bluehost] => Array
        (
            [name] => Bluehost
        )

    [hostgator] => Array
        (
            [name] => Hostgator
        )

)

2025-08-06T11:59:27+00:00 INFO GET /live/bluehost/public-key 200
pk_live_51L0sm9BlY5Q27Hyk6yigAeQGlAGY6FYBCEtjYh8wTjSDxgPfIMghDSJSslNyZXCun31M5VK9MYYDw6Z2292g1M1a006wAWxCpA
2025-08-06T16:31:44+00:00 INFO GET /brands 200
Array
(
    [bluehost] => Array
        (
            [name] => Bluehost
        )

    [hostgator] => Array
        (
            [name] => Hostgator
        )

)

2025-08-06T16:31:46+00:00 INFO GET /live/bluehost/public-key 200
pk_live_51L0sm9BlY5Q27Hyk6yigAeQGlAGY6FYBCEtjYh8wTjSDxgPfIMghDSJSslNyZXCun31M5VK9MYYDw6Z2292g1M1a006wAWxCpA
2025-08-06T16:40:19+00:00 INFO GET /brands 200
Array
(
    [bluehost] => Array
        (
            [name] => Bluehost
        )

    [hostgator] => Array
        (
            [name] => Hostgator
        )

)

2025-08-06T18:52:55+00:00 INFO GET /brands 200
Array
(
    [bluehost] => Array
        (
            [name] => Bluehost
        )

    [hostgator] => Array
        (
            [name] => Hostgator
        )

)

2025-08-06T18:52:55+00:00 INFO GET /brands 200
Array
(
    [bluehost] => Array
        (
            [name] => Bluehost
        )

    [hostgator] => Array
        (
            [name] => Hostgator
        )

)

2025-08-06T18:52:59+00:00 INFO GET /live/bluehost/public-key 200
pk_live_51L0sm9BlY5Q27Hyk6yigAeQGlAGY6FYBCEtjYh8wTjSDxgPfIMghDSJSslNyZXCun31M5VK9MYYDw6Z2292g1M1a006wAWxCpA
2025-08-06T18:52:59+00:00 INFO GET /live/bluehost/public-key 200
pk_live_51L0sm9BlY5Q27Hyk6yigAeQGlAGY6FYBCEtjYh8wTjSDxgPfIMghDSJSslNyZXCun31M5VK9MYYDw6Z2292g1M1a006wAWxCpA
2025-08-06T23:20:56+00:00 INFO GET /brands 200
Array
(
    [bluehost] => Array
        (
            [name] => Bluehost
        )

    [hostgator] => Array
        (
            [name] => Hostgator
        )

)

2025-08-06T23:20:59+00:00 INFO GET /live/bluehost/public-key 200
pk_live_51L0sm9BlY5Q27Hyk6yigAeQGlAGY6FYBCEtjYh8wTjSDxgPfIMghDSJSslNyZXCun31M5VK9MYYDw6Z2292g1M1a006wAWxCpA
2025-08-06T23:28:33+00:00 INFO GET /brands 200
Array
(
    [bluehost] => Array
        (
            [name] => Bluehost
        )

    [hostgator] => Array
        (
            [name] => Hostgator
        )

)

2025-08-06T23:28:38+00:00 INFO GET /live/bluehost/public-key 200
pk_live_51L0sm9BlY5Q27Hyk6yigAeQGlAGY6FYBCEtjYh8wTjSDxgPfIMghDSJSslNyZXCun31M5VK9MYYDw6Z2292g1M1a006wAWxCpA
