2025-08-11T02:13:04+00:00 INFO GET /brands 200
Array
(
    [bluehost] => Array
        (
            [name] => Bluehost
        )

    [hostgator] => Array
        (
            [name] => Hostgator
        )

)

2025-08-11T04:31:49+00:00 INFO GET /brands 200
Array
(
    [bluehost] => Array
        (
            [name] => Bluehost
        )

    [hostgator] => Array
        (
            [name] => Hostgator
        )

)

2025-08-11T04:31:49+00:00 INFO GET /brands 200
Array
(
    [bluehost] => Array
        (
            [name] => Bluehost
        )

    [hostgator] => Array
        (
            [name] => Hostgator
        )

)

2025-08-11T04:31:49+00:00 INFO GET /brands 200
Array
(
    [bluehost] => Array
        (
            [name] => Bluehost
        )

    [hostgator] => Array
        (
            [name] => Hostgator
        )

)

2025-08-11T04:31:49+00:00 INFO GET /brands 200
Array
(
    [bluehost] => Array
        (
            [name] => Bluehost
        )

    [hostgator] => Array
        (
            [name] => Hostgator
        )

)

2025-08-11T04:34:36+00:00 INFO GET /live/bluehost/public-key 200
pk_live_51L0sm9BlY5Q27Hyk6yigAeQGlAGY6FYBCEtjYh8wTjSDxgPfIMghDSJSslNyZXCun31M5VK9MYYDw6Z2292g1M1a006wAWxCpA
2025-08-11T05:40:41+00:00 INFO GET /brands 200
Array
(
    [bluehost] => Array
        (
            [name] => Bluehost
        )

    [hostgator] => Array
        (
            [name] => Hostgator
        )

)

2025-08-11T06:16:20+00:00 INFO GET /live/bluehost/public-key 200
pk_live_51L0sm9BlY5Q27Hyk6yigAeQGlAGY6FYBCEtjYh8wTjSDxgPfIMghDSJSslNyZXCun31M5VK9MYYDw6Z2292g1M1a006wAWxCpA
2025-08-11T08:46:55+00:00 INFO GET /brands 200
Array
(
    [bluehost] => Array
        (
            [name] => Bluehost
        )

    [hostgator] => Array
        (
            [name] => Hostgator
        )

)

2025-08-11T08:49:22+00:00 INFO GET /live/bluehost/public-key 200
pk_live_51L0sm9BlY5Q27Hyk6yigAeQGlAGY6FYBCEtjYh8wTjSDxgPfIMghDSJSslNyZXCun31M5VK9MYYDw6Z2292g1M1a006wAWxCpA
2025-08-11T09:37:27+00:00 INFO GET /brands 200
Array
(
    [bluehost] => Array
        (
            [name] => Bluehost
        )

    [hostgator] => Array
        (
            [name] => Hostgator
        )

)

2025-08-11T09:46:26+00:00 INFO GET /live/bluehost/public-key 200
pk_live_51L0sm9BlY5Q27Hyk6yigAeQGlAGY6FYBCEtjYh8wTjSDxgPfIMghDSJSslNyZXCun31M5VK9MYYDw6Z2292g1M1a006wAWxCpA
2025-08-11T09:58:16+00:00 INFO GET /brands 200
Array
(
    [bluehost] => Array
        (
            [name] => Bluehost
        )

    [hostgator] => Array
        (
            [name] => Hostgator
        )

)

2025-08-11T11:39:14+00:00 INFO GET /live/bluehost/public-key 200
pk_live_51L0sm9BlY5Q27Hyk6yigAeQGlAGY6FYBCEtjYh8wTjSDxgPfIMghDSJSslNyZXCun31M5VK9MYYDw6Z2292g1M1a006wAWxCpA
2025-08-11T14:32:04+00:00 INFO GET /brands 200
Array
(
    [bluehost] => Array
        (
            [name] => Bluehost
        )

    [hostgator] => Array
        (
            [name] => Hostgator
        )

)

2025-08-11T19:46:23+00:00 INFO GET /brands 200
Array
(
    [bluehost] => Array
        (
            [name] => Bluehost
        )

    [hostgator] => Array
        (
            [name] => Hostgator
        )

)

2025-08-11T19:46:26+00:00 INFO GET /live/bluehost/public-key 200
pk_live_51L0sm9BlY5Q27Hyk6yigAeQGlAGY6FYBCEtjYh8wTjSDxgPfIMghDSJSslNyZXCun31M5VK9MYYDw6Z2292g1M1a006wAWxCpA
2025-08-11T19:53:05+00:00 INFO GET /brands 200
Array
(
    [bluehost] => Array
        (
            [name] => Bluehost
        )

    [hostgator] => Array
        (
            [name] => Hostgator
        )

)

2025-08-11T19:53:05+00:00 INFO GET /brands 200
Array
(
    [bluehost] => Array
        (
            [name] => Bluehost
        )

    [hostgator] => Array
        (
            [name] => Hostgator
        )

)

