2025-08-26T00:03:17+00:00 INFO GET /brands 200
Array
(
    [bluehost] => Array
        (
            [name] => Bluehost
        )

    [hostgator] => Array
        (
            [name] => Hostgator
        )

)

2025-08-26T00:03:17+00:00 INFO GET /brands 200
Array
(
    [bluehost] => Array
        (
            [name] => Bluehost
        )

    [hostgator] => Array
        (
            [name] => Hostgator
        )

)

2025-08-26T00:03:21+00:00 INFO GET /live/bluehost/public-key 200
pk_live_51L0sm9BlY5Q27Hyk6yigAeQGlAGY6FYBCEtjYh8wTjSDxgPfIMghDSJSslNyZXCun31M5VK9MYYDw6Z2292g1M1a006wAWxCpA
2025-08-26T00:03:21+00:00 INFO GET /live/bluehost/public-key 200
pk_live_51L0sm9BlY5Q27Hyk6yigAeQGlAGY6FYBCEtjYh8wTjSDxgPfIMghDSJSslNyZXCun31M5VK9MYYDw6Z2292g1M1a006wAWxCpA
2025-08-26T02:27:07+00:00 INFO GET /brands 200
Array
(
    [bluehost] => Array
        (
            [name] => Bluehost
        )

    [hostgator] => Array
        (
            [name] => Hostgator
        )

)

2025-08-26T02:27:22+00:00 INFO GET /live/bluehost/public-key 200
pk_live_51L0sm9BlY5Q27Hyk6yigAeQGlAGY6FYBCEtjYh8wTjSDxgPfIMghDSJSslNyZXCun31M5VK9MYYDw6Z2292g1M1a006wAWxCpA
2025-08-26T02:35:08+00:00 INFO GET /brands 200
Array
(
    [bluehost] => Array
        (
            [name] => Bluehost
        )

    [hostgator] => Array
        (
            [name] => Hostgator
        )

)

2025-08-26T02:35:14+00:00 INFO GET /live/bluehost/public-key 200
pk_live_51L0sm9BlY5Q27Hyk6yigAeQGlAGY6FYBCEtjYh8wTjSDxgPfIMghDSJSslNyZXCun31M5VK9MYYDw6Z2292g1M1a006wAWxCpA
2025-08-26T08:51:07+00:00 INFO GET /brands 200
Array
(
    [bluehost] => Array
        (
            [name] => Bluehost
        )

    [hostgator] => Array
        (
            [name] => Hostgator
        )

)

2025-08-26T08:51:14+00:00 INFO GET /live/bluehost/public-key 200
pk_live_51L0sm9BlY5Q27Hyk6yigAeQGlAGY6FYBCEtjYh8wTjSDxgPfIMghDSJSslNyZXCun31M5VK9MYYDw6Z2292g1M1a006wAWxCpA
2025-08-26T14:47:21+00:00 INFO GET /brands 200
Array
(
    [bluehost] => Array
        (
            [name] => Bluehost
        )

    [hostgator] => Array
        (
            [name] => Hostgator
        )

)

